Compiling and running file: test_scripts/class_global.squat
The name of the global person is: global guy
