Compiling and running file: test_scripts/function_as_return_value.squat
30
