Compiling and running file: test_scripts/recursion.squat
Fibonaci number at location 10 is 55