Compiling and running file: test_scripts/struct_as_return_values.squat
20
177
Gigel
meh
